<?xml version="1.0" encoding="utf-8"?><testsuites><testsuite name="pytest" errors="0" failures="0" skipped="0" tests="3" time="1.195" timestamp="2021-03-22T06:48:09.166815" hostname="NDELG8BVRB3"><testcase classname="test_app.TestFibonacci" name="test_fibonnacci_1" file="test_app.py" line="4" time="0.003" /><testcase classname="test_app.TestFibonacci" name="test_fibonnacci_10" file="test_app.py" line="7" time="0.002" /><testcase classname="test_app.TestFibonacci" name="test_fibonnacci_30" file="test_app.py" line="10" time="0.973" /></testsuite></testsuites>